
> @workspace/api-server@0.0.0 dev /home/r3v/Agi-Suite/apps/api-server
> tsx watch src/index.ts

API running on http://localhost:3001
 ELIFECYCLE  Command failed.
7:02:37 PM [tsx] Process didn't exit in 5s. Force killing...
7:06:35 PM [tsx] Previous process hasn't exited yet. Force killing...
7:06:35 PM [tsx] Previous process hasn't exited yet. Force killing...
7:06:40 PM [tsx] Process didn't exit in 5s. Force killing...
7:06:40 PM [tsx] Process didn't exit in 5s. Force killing...
7:08:23 PM [tsx] Previous process hasn't exited yet. Force killing...
7:08:23 PM [tsx] Previous process hasn't exited yet. Force killing...
7:08:28 PM [tsx] Process didn't exit in 5s. Force killing...
7:08:28 PM [tsx] Process didn't exit in 5s. Force killing...
7:09:29 PM [tsx] Previous process hasn't exited yet. Force killing...
7:09:29 PM [tsx] Previous process hasn't exited yet. Force killing...
7:09:34 PM [tsx] Process didn't exit in 5s. Force killing...
7:09:34 PM [tsx] Process didn't exit in 5s. Force killing...
7:11:20 PM [tsx] Previous process hasn't exited yet. Force killing...
7:11:20 PM [tsx] Previous process hasn't exited yet. Force killing...
7:11:25 PM [tsx] Process didn't exit in 5s. Force killing...
7:11:25 PM [tsx] Process didn't exit in 5s. Force killing...
7:14:51 PM [tsx] Previous process hasn't exited yet. Force killing...
7:14:51 PM [tsx] Previous process hasn't exited yet. Force killing...
(node:12267) MaxListenersExceededWarning: Possible EventEmitter memory leak detected. 11 exit listeners added to [ChildProcess]. MaxListeners is 10. Use emitter.setMaxListeners() to increase limit
(Use `node --trace-warnings ...` to show where the warning was created)
7:14:56 PM [tsx] Process didn't exit in 5s. Force killing...
7:14:56 PM [tsx] Process didn't exit in 5s. Force killing...
7:15:52 PM [tsx] change in ./src/index.ts Process hasn't exited. Killing process...
7:16:02 PM [tsx] change in ./src/index.ts Process hasn't exited. Killing process...
7:17:42 PM [tsx] Previous process hasn't exited yet. Force killing...
7:17:42 PM [tsx] Previous process hasn't exited yet. Force killing...
7:17:47 PM [tsx] Process didn't exit in 5s. Force killing...
7:17:47 PM [tsx] Process didn't exit in 5s. Force killing...
7:18:23 PM [tsx] Previous process hasn't exited yet. Force killing...
7:18:23 PM [tsx] Previous process hasn't exited yet. Force killing...
7:18:28 PM [tsx] Process didn't exit in 5s. Force killing...
7:18:28 PM [tsx] Process didn't exit in 5s. Force killing...
7:18:52 PM [tsx] Previous process hasn't exited yet. Force killing...
7:18:53 PM [tsx] Previous process hasn't exited yet. Force killing...
7:18:57 PM [tsx] Process didn't exit in 5s. Force killing...
7:18:58 PM [tsx] Process didn't exit in 5s. Force killing...
3:04:43 AM [tsx] change in ./src/index.ts Process hasn't exited. Killing process...
